// Jest Snapshot v1, https://goo.gl/fbAQLP

exports[`Menu should render menu 1`] = `
<div>
  Loading...
</div>
`;
